<html>
<body>
<pre>
<h1>µVision Build Log</h1>
<h2>Project:</h2>
C:\Documents and Settings\Administrator\×ÀÃæ\STM32F407IGÆÁ³ÌÐò\2¡¢ºìÁú°å_TFT API\Project\Test.uvproj
Project File Date:  04/11/2013

<h2>Output:</h2>
Build target 'Test'
compiling main.c...
..\User\main.c(20): warning:  #223-D: function "Draw_Circle" declared implicitly
..\User\main.c(21): warning:  #223-D: function "LCD_DrawRectangle" declared implicitly
..\User\main.c(23): warning:  #223-D: function "LCD_DrawPicture" declared implicitly
compiling Gpio.c...
compiling SysTick.c...
linking...
Program Size: Code=4560 RO-data=158112 RW-data=140 ZI-data=1028  
FromELF: creating hex file...
".\Obj\Test.axf" - 0 Error(s), 3 Warning(s).
compiling main.c...
..\User\main.c(20): warning:  #223-D: function "Draw_Circle" declared implicitly
..\User\main.c(21): warning:  #223-D: function "LCD_DrawRectangle" declared implicitly
..\User\main.c(23): warning:  #223-D: function "LCD_DrawPicture" declared implicitly
..\User\main.c - 0 Error(s), 3 Warning(s).
Build target 'Test'
compiling lcd.c...
..\ExternalDrive\lcd\lcd.c(695): warning:  #223-D: function "abs" declared implicitly
..\ExternalDrive\lcd\lcd.c(78): warning:  #177-D: function "lcd_data_bus_test" was declared but never referenced
linking...
Program Size: Code=4560 RO-data=157704 RW-data=140 ZI-data=1028  
FromELF: creating hex file...
".\Obj\Test.axf" - 0 Error(s), 2 Warning(s).
Build target 'Test'
linking...
Program Size: Code=4560 RO-data=157704 RW-data=140 ZI-data=1028  
FromELF: creating hex file...
".\Obj\Test.axf" - 0 Error(s), 0 Warning(s).
Load "C:\\Documents and Settings\\Administrator\\×ÀÃæ\\STM32F407IGÆÁ³ÌÐò\\2¡¢ºìÁú°å_TFT API\\Project\\Obj\\Test.AXF" 
Set JLink Project File to "C:\Documents and Settings\Administrator\×ÀÃæ\STM32F407IGÆÁ³ÌÐò\2¡¢ºìÁú°å_TFT API\Project\JLinkSettings.ini"
 
JLink info:
------------
DLL: V4.35b, compiled Sep  2 2011 18:34:46
Firmware: J-Link ARM V8 compiled Nov 14 2012 22:34:52
Hardware: V8.00
S/N : 99991999 
Feature(s) : RDI,FlashDL,FlashBP,JFlash,GDBFULL 
 
* JLink Info: Found SWD-DP with ID 0x2BA01477
* JLink Info: TPIU fitted.
* JLink Info: ETM fitted.
* JLink Info:   FPUnit: 6 code (BP) slots and 2 literal slots
* JLink Info: Found Cortex-M4 r0p1, Little endian.
ROMTableAddr = 0xE00FF003
* JLink Info: Found SWD-DP with ID 0x2BA01477
* JLink Info: TPIU fitted.
* JLink Info: ETM fitted.
* JLink Info:   FPUnit: 6 code (BP) slots and 2 literal slots
* JLink Info: Found Cortex-M4 r0p1, Little endian.
 
Target info:
------------
Device: STM32F407ZG
VTarget = 2.536V
State of Pins: 
TCK: 0, TDI: 1, TDO: 1, TMS: 1, TRES: 1, TRST: 1
Hardware-Breakpoints: 6
Software-Breakpoints: 8192
Watchpoints:          4
JTAG speed: 4000 kHz
 
Erase Done.
Programming Done.
Verify OK.
* JLink Info: Found SWD-DP with ID 0x2BA01477
* JLink Info: TPIU fitted.
* JLink Info: ETM fitted.
* JLink Info:   FPUnit: 6 code (BP) slots and 2 literal slots
* JLink Info: Found Cortex-M4 r0p1, Little endian.
Application running ...
Build target 'Test'
compiling main.c...
..\User\main.c(19): warning:  #223-D: function "Draw_Circle" declared implicitly
..\User\main.c(20): warning:  #223-D: function "LCD_DrawRectangle" declared implicitly
..\User\main.c(22): warning:  #223-D: function "LCD_DrawPicture" declared implicitly
linking...
Program Size: Code=4544 RO-data=157704 RW-data=140 ZI-data=1028  
FromELF: creating hex file...
".\Obj\Test.axf" - 0 Error(s), 3 Warning(s).
Build target 'Test'
linking...
Program Size: Code=4544 RO-data=157704 RW-data=140 ZI-data=1028  
FromELF: creating hex file...
".\Obj\Test.axf" - 0 Error(s), 0 Warning(s).
Load "C:\\Documents and Settings\\Administrator\\×ÀÃæ\\STM32F407IGÆÁ³ÌÐò\\2¡¢ºìÁú°å_TFT API\\Project\\Obj\\Test.AXF" 
Set JLink Project File to "C:\Documents and Settings\Administrator\×ÀÃæ\STM32F407IGÆÁ³ÌÐò\2¡¢ºìÁú°å_TFT API\Project\JLinkSettings.ini"
 
JLink info:
------------
DLL: V4.35b, compiled Sep  2 2011 18:34:46
Firmware: J-Link ARM V8 compiled Nov 14 2012 22:34:52
Hardware: V8.00
S/N : 99991999 
Feature(s) : RDI,FlashDL,FlashBP,JFlash,GDBFULL 
 
* JLink Info: Found SWD-DP with ID 0x2BA01477
* JLink Info: TPIU fitted.
* JLink Info: ETM fitted.
* JLink Info:   FPUnit: 6 code (BP) slots and 2 literal slots
* JLink Info: Found Cortex-M4 r0p1, Little endian.
ROMTableAddr = 0xE00FF003
* JLink Info: Found SWD-DP with ID 0x2BA01477
* JLink Info: TPIU fitted.
* JLink Info: ETM fitted.
* JLink Info:   FPUnit: 6 code (BP) slots and 2 literal slots
* JLink Info: Found Cortex-M4 r0p1, Little endian.
 
Target info:
------------
Device: STM32F407ZG
VTarget = 2.542V
State of Pins: 
TCK: 0, TDI: 1, TDO: 1, TMS: 1, TRES: 1, TRST: 1
Hardware-Breakpoints: 6
Software-Breakpoints: 8192
Watchpoints:          4
JTAG speed: 4000 kHz
 
Erase Done.
Programming Done.
Verify OK.
* JLink Info: Found SWD-DP with ID 0x2BA01477
* JLink Info: TPIU fitted.
* JLink Info: ETM fitted.
* JLink Info:   FPUnit: 6 code (BP) slots and 2 literal slots
* JLink Info: Found Cortex-M4 r0p1, Little endian.
Application running ...
