<html>
<body>
<pre>
<h1>礦ision Build Log</h1>
<h2>Tool Versions:</h2>
IDE-Version: μVision V5.27.1.0
Copyright (C) 2019 ARM Ltd and ARM Germany GmbH. All rights reserved.
License Information: 1 1, 1, LIC=UB4EI-TDGA3-LVX1I-TB0QH-X1RV1-MIPP2
 
Tool Versions:
Toolchain:       MDK-ARM Professional  Version: 5.27.1.0
Toolchain Path:  F:\STM32\ARM\ARMCC\Bin
C Compiler:      Armcc.exe V5.06 update 6 (build 750)
Assembler:       Armasm.exe V5.06 update 6 (build 750)
Linker/Locator:  ArmLink.exe V5.06 update 6 (build 750)
Library Manager: ArmAr.exe V5.06 update 6 (build 750)
Hex Converter:   FromElf.exe V5.06 update 6 (build 750)
CPU DLL:         SARMCM3.DLL V5.27.1.0
Dialog DLL:      DCM.DLL V1.17.2.0
Target DLL:      STLink\ST-LINKIII-KEIL_SWO.dll V3.0.6.0
Dialog DLL:      TCM.DLL V1.36.1.0
 
<h2>Project:</h2>
F:\FS-STM4 ARM\实验代码\102.4.3寸TFT彩屏绘图API（FS-STM32F407IG-库函数版）\Project\Test.uvprojx
Project File Date:  07/04/2024

<h2>Output:</h2>
*** Using Compiler 'V5.06 update 6 (build 750)', folder: 'F:\STM32\ARM\ARMCC\Bin'
Rebuild target 'Test'
assembling startup_stm32f4xx.s...
compiling stm32f4xx_cryp_aes.c...
compiling stm32f4xx_it.c...
compiling system_stm32f4xx.c...
compiling stm32f4xx_can.c...
compiling stm32f4xx_dac.c...
compiling stm32f4xx_crc.c...
compiling stm32f4xx_cryp_tdes.c...
compiling misc.c...
compiling stm32f4xx_adc.c...
compiling stm32f4xx_cryp.c...
compiling stm32f4xx_cryp_des.c...
compiling main.c...
..\User\main.c(145): warning:  #167-D: argument of type "char *" is incompatible with parameter of type "u8 *"
      LCD_ShowString(10, 10, text, White, Black);
..\User\main.c(192): warning:  #167-D: argument of type "char *" is incompatible with parameter of type "u8 *"
  							   LCD_ShowString(120, 135, textOver, Red, Black);
..\User\main.c: 2 warnings, 0 errors
compiling stm32f4xx_dbgmcu.c...
compiling stm32f4xx_dcmi.c...
compiling stm32f4xx_dma.c...
compiling stm32f4xx_exti.c...
compiling stm32f4xx_flash.c...
compiling stm32f4xx_fsmc.c...
compiling stm32f4xx_gpio.c...
compiling stm32f4xx_hash.c...
compiling stm32f4xx_hash_md5.c...
compiling stm32f4xx_hash_sha1.c...
compiling stm32f4xx_iwdg.c...
compiling stm32f4xx_pwr.c...
compiling stm32f4xx_i2c.c...
compiling stm32f4xx_rcc.c...
compiling stm32f4xx_rng.c...
compiling stm32f4xx_rtc.c...
compiling stm32f4xx_sdio.c...
compiling stm32f4xx_spi.c...
compiling stm32f4xx_syscfg.c...
compiling stm32f4xx_usart.c...
compiling stm32f4xx_wwdg.c...
compiling Gpio.c...
compiling SysTick.c...
compiling stm32f4xx_tim.c...
compiling lcd.c...
..\ExternalDrive\lcd\lcd.c(695): warning:  #223-D: function "abs" declared implicitly
  		if(abs(yend-ysta)>abs(xend-xsta))/*斜率大于1 */ 
..\ExternalDrive\lcd\lcd.c(78): warning:  #177-D: function "lcd_data_bus_test"  was declared but never referenced
  static void lcd_data_bus_test(void)
..\ExternalDrive\lcd\lcd.c: 2 warnings, 0 errors
linking...
Program Size: Code=5796 RO-data=157716 RW-data=180 ZI-data=1828  
FromELF: creating hex file...
".\Obj\Test.axf" - 0 Error(s), 4 Warning(s).

<h2>Software Packages used:</h2>

Package Vendor: ARM
                http://www.keil.com/pack/ARM.CMSIS.5.5.1.pack
                ARM.CMSIS.5.5.1
                CMSIS (Cortex Microcontroller Software Interface Standard)
   * Component: CORE Version: 5.2.0

Package Vendor: Keil
                https://www.keil.com/pack/Keil.STM32F4xx_DFP.2.17.1.pack
                Keil.STM32F4xx_DFP.2.17.1
                STMicroelectronics STM32F4 Series Device Support, Drivers and Examples

<h2>Collection of Component include folders:</h2>
  .\RTE\_Test
  F:\STM32\PACK\ARM\CMSIS\5.5.1\CMSIS\Core\Include
  F:\STM32\PACK\Keil\STM32F4xx_DFP\2.17.1\Drivers\CMSIS\Device\ST\STM32F4xx\Include

<h2>Collection of Component Files used:</h2>

   * Component: ARM::CMSIS:CORE:5.2.0
Build Time Elapsed:  00:00:03
</pre>
</body>
</html>
